../Core/Src/functions.c:12:6:firlatma	4	static
../Core/Src/functions.c:18:6:tirmanma	4	static
../Core/Src/functions.c:24:6:arama	4	static
../Core/Src/functions.c:30:6:drogueAcma	8	static
../Core/Src/functions.c:44:6:anaParasutAcma	8	static
../Core/Src/functions.c:52:6:ledYakma	8	static
../Core/Src/functions.c:59:7:hizHesaplama	16	static
../Core/Src/functions.c:71:7:irtifaHesaplama	8	static
../Core/Src/functions.c:76:6:inisKontrol	8	static
../Core/Src/functions.c:85:7:ortFiltreleme	24	static
../Core/Src/functions.c:94:6:degerAtama	8	static
../Core/Src/functions.c:110:6:uartOkuma	72	static
